exports[`globalStyles rendrs global styles 1`] = `
Object {
  "#app": Object {
    "background": "white",
    "color": "#4682b4",
    "minHeight": "100%",
    "minWidth": "100%",
  },
  "body": Object {
    ".fontLoaded": Object {
      "fontFamily": "\"Roboto\", sans-serif",
    },
    "fontFamily": "\"Helvetica Neue\", Helvetica, Arial, sans-serif",
  },
  "html, body": Object {
    "height": "100%",
    "width": "100%",
  },
}
`;
