exports[`<HomePage /> renders the <HomePage /> 1`] = `
<styled.div>
  <styled.div>
    <Header
      type="h1">
      <FormattedMessage
        defaultMessage="{ ðŸ‘Ÿ } CSS-in-JS flexbox grid"
        id="app.components.HomePage.header"
        tagName="span"
        values={Object {}} />
    </Header>
  </styled.div>
  <styled.div>
    <styled.div
      xs="auto">
      <Button
        path="docs">
        Docs
      </Button>
    </styled.div>
    <styled.div
      xs="auto">
      <Button
        external={true}
        path="https://github.com/will-hitchcock/shoelaces">
        Github
      </Button>
    </styled.div>
  </styled.div>
  <styled.div>
    <styled.div
      xs={0.3333333333333333}>
      <styled.div />
    </styled.div>
    <styled.div
      xs={0.3333333333333333}>
      <styled.div />
    </styled.div>
    <styled.div
      xs={0.3333333333333333}>
      <styled.div />
    </styled.div>
  </styled.div>
  <styled.div>
    <styled.div
      xs={0.5}>
      <styled.div />
    </styled.div>
    <styled.div
      xs={0.5}>
      <styled.div />
    </styled.div>
  </styled.div>
</styled.div>
`;
